current directory: /home/rob/UserHackable/Phototherapy_Timer/server/vendor/bundle/ruby/4.0.0/gems/puma-8.0.2/ext/puma_http11
/home/rob/.local/share/mise/installs/ruby/4.0.6/bin/ruby extconf.rb
checking for pkg-config for openssl... ["-I/home/rob/.local/share/mise/installs/ruby/4.0.6/lib/pkgconfig/../../include ", "-L/home/rob/.local/share/mise/installs/ruby/4.0.6/lib/pkgconfig/../../lib -pthread", "-lssl -lcrypto -ldl"]
──── Using OpenSSL pkgconfig (openssl.pc) ────
checking for openssl/bio.h... yes

──── Below are yes for 1.0.2 & later ────
checking for DTLS_method() in openssl/ssl.h... yes
checking for SSL_CTX_set_session_cache_mode(NULL, 0) in openssl/ssl.h... yes

──── Below are yes for 1.1.0 & later ────
checking for TLS_server_method() in openssl/ssl.h... yes
checking for SSL_CTX_set_min_proto_version(NULL, 0) in openssl/ssl.h... yes

──── Below is yes for 1.1.0 and later, but isn't documented until 3.0.0 ────
checking for SSL_CTX_set_dh_auto(NULL, 0) in openssl/ssl.h... yes

──── Below is yes for 1.1.1 & later ────
checking for SSL_CTX_set_ciphersuites(NULL, "") in openssl/ssl.h... yes

──── Below is yes for 3.0.0 & later ────
checking for SSL_get1_peer_certificate() in openssl/ssl.h... yes

creating Makefile

current directory: /home/rob/UserHackable/Phototherapy_Timer/server/vendor/bundle/ruby/4.0.0/gems/puma-8.0.2/ext/puma_http11
make DESTDIR\= sitearchdir\=./.gem.20260810-1191910-54bmqf sitelibdir\=./.gem.20260810-1191910-54bmqf clean

current directory: /home/rob/UserHackable/Phototherapy_Timer/server/vendor/bundle/ruby/4.0.0/gems/puma-8.0.2/ext/puma_http11
make DESTDIR\= sitearchdir\=./.gem.20260810-1191910-54bmqf sitelibdir\=./.gem.20260810-1191910-54bmqf
compiling http11_parser.c
compiling mini_ssl.c
compiling puma_http11.c
ext/puma_http11/http11_parser.rl: In function ‘puma_parser_execute’:
ext/puma_http11/http11_parser.rl:40:5: warning: this statement may fall through [-Wimplicit-fallthrough=]
ext/puma_http11/http11_parser.rl:42:1: note: here
ext/puma_http11/http11_parser.rl:55:5: warning: this statement may fall through [-Wimplicit-fallthrough=]
ext/puma_http11/http11_parser.rl:57:1: note: here
ext/puma_http11/http11_parser.rl:40:5: warning: this statement may fall through [-Wimplicit-fallthrough=]
ext/puma_http11/http11_parser.rl:42:1: note: here
ext/puma_http11/http11_parser.rl:58:5: warning: this statement may fall through [-Wimplicit-fallthrough=]
ext/puma_http11/http11_parser.rl:60:1: note: here
ext/puma_http11/http11_parser.rl:40:5: warning: this statement may fall through [-Wimplicit-fallthrough=]
ext/puma_http11/http11_parser.rl:42:1: note: here
ext/puma_http11/http11_parser.c:245:5: warning: this statement may fall through [-Wimplicit-fallthrough=]
ext/puma_http11/http11_parser.c:247:1: note: here
ext/puma_http11/http11_parser.c:252:5: warning: this statement may fall through [-Wimplicit-fallthrough=]
ext/puma_http11/http11_parser.c:254:1: note: here
ext/puma_http11/http11_parser.c:259:5: warning: this statement may fall through [-Wimplicit-fallthrough=]
ext/puma_http11/http11_parser.c:261:1: note: here
ext/puma_http11/http11_parser.c:266:5: warning: this statement may fall through [-Wimplicit-fallthrough=]
ext/puma_http11/http11_parser.c:268:1: note: here
ext/puma_http11/http11_parser.c:273:5: warning: this statement may fall through [-Wimplicit-fallthrough=]
ext/puma_http11/http11_parser.c:275:1: note: here
ext/puma_http11/http11_parser.c:282:5: warning: this statement may fall through [-Wimplicit-fallthrough=]
ext/puma_http11/http11_parser.c:284:1: note: here
ext/puma_http11/http11_parser.c:289:5: warning: this statement may fall through [-Wimplicit-fallthrough=]
ext/puma_http11/http11_parser.c:291:1: note: here
ext/puma_http11/http11_parser.rl:52:5: warning: this statement may fall through [-Wimplicit-fallthrough=]
ext/puma_http11/http11_parser.rl:54:1: note: here
ext/puma_http11/http11_parser.c:326:5: warning: this statement may fall through [-Wimplicit-fallthrough=]
ext/puma_http11/http11_parser.c:328:1: note: here
ext/puma_http11/http11_parser.c:354:5: warning: this statement may fall through [-Wimplicit-fallthrough=]
ext/puma_http11/http11_parser.c:356:1: note: here
ext/puma_http11/http11_parser.rl:44:5: warning: this statement may fall through [-Wimplicit-fallthrough=]
ext/puma_http11/http11_parser.rl:46:1: note: here
ext/puma_http11/http11_parser.rl:49:5: warning: this statement may fall through [-Wimplicit-fallthrough=]
ext/puma_http11/http11_parser.rl:51:1: note: here
ext/puma_http11/http11_parser.rl:49:5: warning: this statement may fall through [-Wimplicit-fallthrough=]
ext/puma_http11/http11_parser.rl:51:1: note: here
ext/puma_http11/http11_parser.rl:58:5: warning: this statement may fall through [-Wimplicit-fallthrough=]
ext/puma_http11/http11_parser.rl:60:1: note: here
ext/puma_http11/http11_parser.rl:40:5: warning: this statement may fall through [-Wimplicit-fallthrough=]
ext/puma_http11/http11_parser.rl:42:1: note: here
ext/puma_http11/http11_parser.rl:40:5: warning: this statement may fall through [-Wimplicit-fallthrough=]
ext/puma_http11/http11_parser.rl:42:1: note: here
ext/puma_http11/http11_parser.rl:40:5: warning: this statement may fall through [-Wimplicit-fallthrough=]
ext/puma_http11/http11_parser.rl:42:1: note: here
ext/puma_http11/http11_parser.rl:40:5: warning: this statement may fall through [-Wimplicit-fallthrough=]
ext/puma_http11/http11_parser.rl:42:1: note: here
ext/puma_http11/http11_parser.rl:74:5: warning: this statement may fall through [-Wimplicit-fallthrough=]
ext/puma_http11/http11_parser.rl:76:1: note: here
ext/puma_http11/http11_parser.rl:63:5: warning: this statement may fall through [-Wimplicit-fallthrough=]
ext/puma_http11/http11_parser.rl:65:1: note: here
ext/puma_http11/http11_parser.c:643:5: warning: this statement may fall through [-Wimplicit-fallthrough=]
ext/puma_http11/http11_parser.c:645:1: note: here
ext/puma_http11/http11_parser.c:661:5: warning: this statement may fall through [-Wimplicit-fallthrough=]
ext/puma_http11/http11_parser.c:663:1: note: here
ext/puma_http11/http11_parser.c:679:5: warning: this statement may fall through [-Wimplicit-fallthrough=]
ext/puma_http11/http11_parser.c:681:1: note: here
ext/puma_http11/http11_parser.c:697:5: warning: this statement may fall through [-Wimplicit-fallthrough=]
ext/puma_http11/http11_parser.c:699:1: note: here
ext/puma_http11/http11_parser.c:715:5: warning: this statement may fall through [-Wimplicit-fallthrough=]
ext/puma_http11/http11_parser.c:717:1: note: here
ext/puma_http11/http11_parser.c:733:5: warning: this statement may fall through [-Wimplicit-fallthrough=]
ext/puma_http11/http11_parser.c:735:1: note: here
ext/puma_http11/http11_parser.c:751:5: warning: this statement may fall through [-Wimplicit-fallthrough=]
ext/puma_http11/http11_parser.c:753:1: note: here
ext/puma_http11/http11_parser.c:769:5: warning: this statement may fall through [-Wimplicit-fallthrough=]
ext/puma_http11/http11_parser.c:771:1: note: here
ext/puma_http11/http11_parser.c:787:5: warning: this statement may fall through [-Wimplicit-fallthrough=]
ext/puma_http11/http11_parser.c:789:1: note: here
ext/puma_http11/http11_parser.c:805:5: warning: this statement may fall through [-Wimplicit-fallthrough=]
ext/puma_http11/http11_parser.c:807:1: note: here
ext/puma_http11/http11_parser.c:823:5: warning: this statement may fall through [-Wimplicit-fallthrough=]
ext/puma_http11/http11_parser.c:825:1: note: here
ext/puma_http11/http11_parser.c:841:5: warning: this statement may fall through [-Wimplicit-fallthrough=]
ext/puma_http11/http11_parser.c:843:1: note: here
ext/puma_http11/http11_parser.c:859:5: warning: this statement may fall through [-Wimplicit-fallthrough=]
ext/puma_http11/http11_parser.c:861:1: note: here
ext/puma_http11/http11_parser.c:877:5: warning: this statement may fall through [-Wimplicit-fallthrough=]
ext/puma_http11/http11_parser.c:879:1: note: here
ext/puma_http11/http11_parser.c:895:5: warning: this statement may fall through [-Wimplicit-fallthrough=]
ext/puma_http11/http11_parser.c:897:1: note: here
ext/puma_http11/http11_parser.c:913:5: warning: this statement may fall through [-Wimplicit-fallthrough=]
ext/puma_http11/http11_parser.c:915:1: note: here
ext/puma_http11/http11_parser.c:931:5: warning: this statement may fall through [-Wimplicit-fallthrough=]
ext/puma_http11/http11_parser.c:933:1: note: here
ext/puma_http11/http11_parser.c:949:5: warning: this statement may fall through [-Wimplicit-fallthrough=]
ext/puma_http11/http11_parser.c:951:1: note: here
ext/puma_http11/http11_parser.c:967:5: warning: this statement may fall through [-Wimplicit-fallthrough=]
ext/puma_http11/http11_parser.c:969:1: note: here
At top level:
cc1: note: unrecognized command-line option ‘-Wno-self-assign’ may have been intended to silence earlier diagnostics
cc1: note: unrecognized command-line option ‘-Wno-parentheses-equality’ may have been intended to silence earlier diagnostics
cc1: note: unrecognized command-line option ‘-Wno-constant-logical-operand’ may have been intended to silence earlier diagnostics
linking shared-object puma/puma_http11.so

current directory: /home/rob/UserHackable/Phototherapy_Timer/server/vendor/bundle/ruby/4.0.0/gems/puma-8.0.2/ext/puma_http11
make DESTDIR\= sitearchdir\=./.gem.20260810-1191910-54bmqf sitelibdir\=./.gem.20260810-1191910-54bmqf install
/usr/bin/install -c -m 0755 puma_http11.so ./.gem.20260810-1191910-54bmqf/puma

current directory: /home/rob/UserHackable/Phototherapy_Timer/server/vendor/bundle/ruby/4.0.0/gems/puma-8.0.2/ext/puma_http11
make DESTDIR\= sitearchdir\=./.gem.20260810-1191910-54bmqf sitelibdir\=./.gem.20260810-1191910-54bmqf clean
