pkg_config: checking for pkg-config for openssl... -------------------- ["-I/home/rob/.local/share/mise/installs/ruby/4.0.6/lib/pkgconfig/../../include ", "-L/home/rob/.local/share/mise/installs/ruby/4.0.6/lib/pkgconfig/../../lib -pthread", "-lssl -lcrypto -ldl"]

LD_LIBRARY_PATH=.:/home/rob/.local/share/mise/installs/ruby/4.0.6/lib LSAN_OPTIONS=detect_leaks=0 pkg-config --exists openssl
LD_LIBRARY_PATH=.:/home/rob/.local/share/mise/installs/ruby/4.0.6/lib LSAN_OPTIONS=detect_leaks=0 pkg-config --libs openssl |
=> "-L/home/rob/.local/share/mise/installs/ruby/4.0.6/lib/pkgconfig/../../lib -lssl -lcrypto -ldl -pthread\n"
LD_LIBRARY_PATH=.:/home/rob/.local/share/mise/installs/ruby/4.0.6/lib LSAN_OPTIONS=detect_leaks=0 "cc -o conftest -I/home/rob/.local/share/mise/installs/ruby/4.0.6/include/ruby-4.0.0/x86_64-linux -I/home/rob/.local/share/mise/installs/ruby/4.0.6/include/ruby-4.0.0/ruby/backward -I/home/rob/.local/share/mise/installs/ruby/4.0.6/include/ruby-4.0.0 -I. -include stdbool.h -I/home/rob/.local/share/mise/installs/ruby/4.0.6/include   -std=gnu99 -std=gnu99 -fstack-protector-strong -U_FORTIFY_SOURCE -D_FORTIFY_SOURCE=2 -O3 -fno-fast-math -ggdb3 -Wall -Wextra -Wdeprecated-declarations -Wdiv-by-zero -Wimplicit-function-declaration -Wimplicit-int -Wpointer-arith -Wwrite-strings -Wold-style-definition -Wmissing-noreturn -Wno-cast-function-type -Wno-constant-logical-operand -Wno-long-long -Wno-missing-field-initializers -Wno-overlength-strings -Wno-packed-bitfield-compat -Wno-parentheses-equality -Wno-self-assign -Wno-tautological-compare -Wno-unused-parameter -Wno-unused-value -Wsuggest-attribute=format -Wsuggest-attribute=noreturn -Wunused-variable -Wundef conftest.c -L. -L/home/rob/.local/share/mise/installs/ruby/4.0.6/lib -Wl,-rpath,/home/rob/.local/share/mise/installs/ruby/4.0.6/lib -L/home/rob/.local/share/mise/installs/ruby/4.0.6/lib -L. -fstack-protector-strong -rdynamic -Wl,-export-dynamic     -Wl,-rpath,/home/rob/.local/share/mise/installs/ruby/4.0.6/lib -lruby-static -lrt -lrt -ldl -lcrypt -lm -lpthread   -lm -lpthread -lc"
checked program was:
/* begin */
1: #include "ruby.h"
2: 
3: int main(int argc, char **argv)
4: {
5:   return !!argv[argc];
6: }
/* end */

LD_LIBRARY_PATH=.:/home/rob/.local/share/mise/installs/ruby/4.0.6/lib LSAN_OPTIONS=detect_leaks=0 "cc -o conftest -I/home/rob/.local/share/mise/installs/ruby/4.0.6/include/ruby-4.0.0/x86_64-linux -I/home/rob/.local/share/mise/installs/ruby/4.0.6/include/ruby-4.0.0/ruby/backward -I/home/rob/.local/share/mise/installs/ruby/4.0.6/include/ruby-4.0.0 -I. -include stdbool.h -I/home/rob/.local/share/mise/installs/ruby/4.0.6/include   -std=gnu99 -std=gnu99 -fstack-protector-strong -U_FORTIFY_SOURCE -D_FORTIFY_SOURCE=2 -O3 -fno-fast-math -ggdb3 -Wall -Wextra -Wdeprecated-declarations -Wdiv-by-zero -Wimplicit-function-declaration -Wimplicit-int -Wpointer-arith -Wwrite-strings -Wold-style-definition -Wmissing-noreturn -Wno-cast-function-type -Wno-constant-logical-operand -Wno-long-long -Wno-missing-field-initializers -Wno-overlength-strings -Wno-packed-bitfield-compat -Wno-parentheses-equality -Wno-self-assign -Wno-tautological-compare -Wno-unused-parameter -Wno-unused-value -Wsuggest-attribute=format -Wsuggest-attribute=noreturn -Wunused-variable -Wundef conftest.c -L. -L/home/rob/.local/share/mise/installs/ruby/4.0.6/lib -Wl,-rpath,/home/rob/.local/share/mise/installs/ruby/4.0.6/lib -L/home/rob/.local/share/mise/installs/ruby/4.0.6/lib -L. -fstack-protector-strong -rdynamic -Wl,-export-dynamic -L/home/rob/.local/share/mise/installs/ruby/4.0.6/lib/pkgconfig/../../lib -lssl -lcrypto -ldl -pthread    -Wl,-rpath,/home/rob/.local/share/mise/installs/ruby/4.0.6/lib -lruby-static -lrt -lrt -ldl -lcrypt -lm -lpthread   -lm -lpthread -lc"
checked program was:
/* begin */
1: #include "ruby.h"
2: 
3: int main(int argc, char **argv)
4: {
5:   return !!argv[argc];
6: }
/* end */

LD_LIBRARY_PATH=.:/home/rob/.local/share/mise/installs/ruby/4.0.6/lib LSAN_OPTIONS=detect_leaks=0 pkg-config --cflags-only-I openssl |
=> "-I/home/rob/.local/share/mise/installs/ruby/4.0.6/lib/pkgconfig/../../include\n"
LD_LIBRARY_PATH=.:/home/rob/.local/share/mise/installs/ruby/4.0.6/lib LSAN_OPTIONS=detect_leaks=0 pkg-config --cflags-only-other openssl |
=> "\n"
LD_LIBRARY_PATH=.:/home/rob/.local/share/mise/installs/ruby/4.0.6/lib LSAN_OPTIONS=detect_leaks=0 pkg-config --libs-only-l openssl |
=> "-lssl -lcrypto -ldl\n"
package configuration for openssl
incflags: -I/home/rob/.local/share/mise/installs/ruby/4.0.6/lib/pkgconfig/../../include
cflags: 
ldflags: -L/home/rob/.local/share/mise/installs/ruby/4.0.6/lib/pkgconfig/../../lib -pthread
libs: -lssl -lcrypto -ldl

--------------------

have_header: checking for openssl/bio.h... -------------------- yes

LD_LIBRARY_PATH=.:/home/rob/.local/share/mise/installs/ruby/4.0.6/lib LSAN_OPTIONS=detect_leaks=0 "cc -I/home/rob/.local/share/mise/installs/ruby/4.0.6/include/ruby-4.0.0/x86_64-linux -I/home/rob/.local/share/mise/installs/ruby/4.0.6/include/ruby-4.0.0/ruby/backward -I/home/rob/.local/share/mise/installs/ruby/4.0.6/include/ruby-4.0.0 -I. -I/home/rob/.local/share/mise/installs/ruby/4.0.6/lib/pkgconfig/../../include -include stdbool.h -I/home/rob/.local/share/mise/installs/ruby/4.0.6/include   -std=gnu99 -std=gnu99 -fstack-protector-strong -U_FORTIFY_SOURCE -D_FORTIFY_SOURCE=2 -O3 -fno-fast-math -ggdb3 -Wall -Wextra -Wdeprecated-declarations -Wdiv-by-zero -Wimplicit-function-declaration -Wimplicit-int -Wpointer-arith -Wwrite-strings -Wold-style-definition -Wmissing-noreturn -Wno-cast-function-type -Wno-constant-logical-operand -Wno-long-long -Wno-missing-field-initializers -Wno-overlength-strings -Wno-packed-bitfield-compat -Wno-parentheses-equality -Wno-self-assign -Wno-tautological-compare -Wno-unused-parameter -Wno-unused-value -Wsuggest-attribute=format -Wsuggest-attribute=noreturn -Wunused-variable -Wundef    -c conftest.c"
checked program was:
/* begin */
1: #include "ruby.h"
2: 
3: #include <openssl/bio.h>
/* end */

--------------------

have_func: checking for DTLS_method() in openssl/ssl.h... -------------------- yes

LD_LIBRARY_PATH=.:/home/rob/.local/share/mise/installs/ruby/4.0.6/lib LSAN_OPTIONS=detect_leaks=0 "cc -o conftest -I/home/rob/.local/share/mise/installs/ruby/4.0.6/include/ruby-4.0.0/x86_64-linux -I/home/rob/.local/share/mise/installs/ruby/4.0.6/include/ruby-4.0.0/ruby/backward -I/home/rob/.local/share/mise/installs/ruby/4.0.6/include/ruby-4.0.0 -I. -I/home/rob/.local/share/mise/installs/ruby/4.0.6/lib/pkgconfig/../../include -include stdbool.h -I/home/rob/.local/share/mise/installs/ruby/4.0.6/include   -std=gnu99 -std=gnu99 -fstack-protector-strong -U_FORTIFY_SOURCE -D_FORTIFY_SOURCE=2 -O3 -fno-fast-math -ggdb3 -Wall -Wextra -Wdeprecated-declarations -Wdiv-by-zero -Wimplicit-function-declaration -Wimplicit-int -Wpointer-arith -Wwrite-strings -Wold-style-definition -Wmissing-noreturn -Wno-cast-function-type -Wno-constant-logical-operand -Wno-long-long -Wno-missing-field-initializers -Wno-overlength-strings -Wno-packed-bitfield-compat -Wno-parentheses-equality -Wno-self-assign -Wno-tautological-compare -Wno-unused-parameter -Wno-unused-value -Wsuggest-attribute=format -Wsuggest-attribute=noreturn -Wunused-variable -Wundef  conftest.c -L. -L/home/rob/.local/share/mise/installs/ruby/4.0.6/lib -Wl,-rpath,/home/rob/.local/share/mise/installs/ruby/4.0.6/lib -L/home/rob/.local/share/mise/installs/ruby/4.0.6/lib -L. -fstack-protector-strong -rdynamic -Wl,-export-dynamic -L/home/rob/.local/share/mise/installs/ruby/4.0.6/lib/pkgconfig/../../lib -pthread     -lssl -lcrypto -ldl -Wl,-rpath,/home/rob/.local/share/mise/installs/ruby/4.0.6/lib -lruby-static -lrt -lrt -ldl -lcrypt -lm -lpthread   -lssl -lcrypto -ldl -lm -lpthread -lc"
checked program was:
/* begin */
 1: #include "ruby.h"
 2: 
 3: #include <openssl/ssl.h>
 4: 
 5: /*top*/
 6: extern int t(void);
 7: int main(int argc, char **argv)
 8: {
 9:   if (argc > 1000000) {
10:     int (* volatile tp)(void)=(int (*)(void))&t;
11:     printf("%d", (*tp)());
12:   }
13: 
14:   return !!argv[argc];
15: }
16: int t(void) { void ((*volatile p)()); p = (void ((*)()))DTLS_method; return !p; }
/* end */

--------------------

have_func: checking for SSL_CTX_set_session_cache_mode(NULL, 0) in openssl/ssl.h... -------------------- yes

LD_LIBRARY_PATH=.:/home/rob/.local/share/mise/installs/ruby/4.0.6/lib LSAN_OPTIONS=detect_leaks=0 "cc -o conftest -I/home/rob/.local/share/mise/installs/ruby/4.0.6/include/ruby-4.0.0/x86_64-linux -I/home/rob/.local/share/mise/installs/ruby/4.0.6/include/ruby-4.0.0/ruby/backward -I/home/rob/.local/share/mise/installs/ruby/4.0.6/include/ruby-4.0.0 -I. -I/home/rob/.local/share/mise/installs/ruby/4.0.6/lib/pkgconfig/../../include -include stdbool.h -I/home/rob/.local/share/mise/installs/ruby/4.0.6/include   -std=gnu99 -std=gnu99 -fstack-protector-strong -U_FORTIFY_SOURCE -D_FORTIFY_SOURCE=2 -O3 -fno-fast-math -ggdb3 -Wall -Wextra -Wdeprecated-declarations -Wdiv-by-zero -Wimplicit-function-declaration -Wimplicit-int -Wpointer-arith -Wwrite-strings -Wold-style-definition -Wmissing-noreturn -Wno-cast-function-type -Wno-constant-logical-operand -Wno-long-long -Wno-missing-field-initializers -Wno-overlength-strings -Wno-packed-bitfield-compat -Wno-parentheses-equality -Wno-self-assign -Wno-tautological-compare -Wno-unused-parameter -Wno-unused-value -Wsuggest-attribute=format -Wsuggest-attribute=noreturn -Wunused-variable -Wundef  conftest.c -L. -L/home/rob/.local/share/mise/installs/ruby/4.0.6/lib -Wl,-rpath,/home/rob/.local/share/mise/installs/ruby/4.0.6/lib -L/home/rob/.local/share/mise/installs/ruby/4.0.6/lib -L. -fstack-protector-strong -rdynamic -Wl,-export-dynamic -L/home/rob/.local/share/mise/installs/ruby/4.0.6/lib/pkgconfig/../../lib -pthread     -lssl -lcrypto -ldl -Wl,-rpath,/home/rob/.local/share/mise/installs/ruby/4.0.6/lib -lruby-static -lrt -lrt -ldl -lcrypt -lm -lpthread   -lssl -lcrypto -ldl -lm -lpthread -lc"
checked program was:
/* begin */
 1: #include "ruby.h"
 2: 
 3: #include <openssl/ssl.h>
 4: 
 5: /*top*/
 6: extern int t(void);
 7: int main(int argc, char **argv)
 8: {
 9:   if (argc > 1000000) {
10:     int (* volatile tp)(void)=(int (*)(void))&t;
11:     printf("%d", (*tp)());
12:   }
13: 
14:   return !!argv[argc];
15: }
16: 
17: int t(void) { SSL_CTX_set_session_cache_mode(NULL, 0); return 0; }
/* end */

--------------------

have_func: checking for TLS_server_method() in openssl/ssl.h... -------------------- yes

LD_LIBRARY_PATH=.:/home/rob/.local/share/mise/installs/ruby/4.0.6/lib LSAN_OPTIONS=detect_leaks=0 "cc -o conftest -I/home/rob/.local/share/mise/installs/ruby/4.0.6/include/ruby-4.0.0/x86_64-linux -I/home/rob/.local/share/mise/installs/ruby/4.0.6/include/ruby-4.0.0/ruby/backward -I/home/rob/.local/share/mise/installs/ruby/4.0.6/include/ruby-4.0.0 -I. -I/home/rob/.local/share/mise/installs/ruby/4.0.6/lib/pkgconfig/../../include -include stdbool.h -I/home/rob/.local/share/mise/installs/ruby/4.0.6/include   -std=gnu99 -std=gnu99 -fstack-protector-strong -U_FORTIFY_SOURCE -D_FORTIFY_SOURCE=2 -O3 -fno-fast-math -ggdb3 -Wall -Wextra -Wdeprecated-declarations -Wdiv-by-zero -Wimplicit-function-declaration -Wimplicit-int -Wpointer-arith -Wwrite-strings -Wold-style-definition -Wmissing-noreturn -Wno-cast-function-type -Wno-constant-logical-operand -Wno-long-long -Wno-missing-field-initializers -Wno-overlength-strings -Wno-packed-bitfield-compat -Wno-parentheses-equality -Wno-self-assign -Wno-tautological-compare -Wno-unused-parameter -Wno-unused-value -Wsuggest-attribute=format -Wsuggest-attribute=noreturn -Wunused-variable -Wundef  conftest.c -L. -L/home/rob/.local/share/mise/installs/ruby/4.0.6/lib -Wl,-rpath,/home/rob/.local/share/mise/installs/ruby/4.0.6/lib -L/home/rob/.local/share/mise/installs/ruby/4.0.6/lib -L. -fstack-protector-strong -rdynamic -Wl,-export-dynamic -L/home/rob/.local/share/mise/installs/ruby/4.0.6/lib/pkgconfig/../../lib -pthread     -lssl -lcrypto -ldl -Wl,-rpath,/home/rob/.local/share/mise/installs/ruby/4.0.6/lib -lruby-static -lrt -lrt -ldl -lcrypt -lm -lpthread   -lssl -lcrypto -ldl -lm -lpthread -lc"
checked program was:
/* begin */
 1: #include "ruby.h"
 2: 
 3: #include <openssl/ssl.h>
 4: 
 5: /*top*/
 6: extern int t(void);
 7: int main(int argc, char **argv)
 8: {
 9:   if (argc > 1000000) {
10:     int (* volatile tp)(void)=(int (*)(void))&t;
11:     printf("%d", (*tp)());
12:   }
13: 
14:   return !!argv[argc];
15: }
16: int t(void) { void ((*volatile p)()); p = (void ((*)()))TLS_server_method; return !p; }
/* end */

--------------------

have_func: checking for SSL_CTX_set_min_proto_version(NULL, 0) in openssl/ssl.h... -------------------- yes

LD_LIBRARY_PATH=.:/home/rob/.local/share/mise/installs/ruby/4.0.6/lib LSAN_OPTIONS=detect_leaks=0 "cc -o conftest -I/home/rob/.local/share/mise/installs/ruby/4.0.6/include/ruby-4.0.0/x86_64-linux -I/home/rob/.local/share/mise/installs/ruby/4.0.6/include/ruby-4.0.0/ruby/backward -I/home/rob/.local/share/mise/installs/ruby/4.0.6/include/ruby-4.0.0 -I. -I/home/rob/.local/share/mise/installs/ruby/4.0.6/lib/pkgconfig/../../include -include stdbool.h -I/home/rob/.local/share/mise/installs/ruby/4.0.6/include   -std=gnu99 -std=gnu99 -fstack-protector-strong -U_FORTIFY_SOURCE -D_FORTIFY_SOURCE=2 -O3 -fno-fast-math -ggdb3 -Wall -Wextra -Wdeprecated-declarations -Wdiv-by-zero -Wimplicit-function-declaration -Wimplicit-int -Wpointer-arith -Wwrite-strings -Wold-style-definition -Wmissing-noreturn -Wno-cast-function-type -Wno-constant-logical-operand -Wno-long-long -Wno-missing-field-initializers -Wno-overlength-strings -Wno-packed-bitfield-compat -Wno-parentheses-equality -Wno-self-assign -Wno-tautological-compare -Wno-unused-parameter -Wno-unused-value -Wsuggest-attribute=format -Wsuggest-attribute=noreturn -Wunused-variable -Wundef  conftest.c -L. -L/home/rob/.local/share/mise/installs/ruby/4.0.6/lib -Wl,-rpath,/home/rob/.local/share/mise/installs/ruby/4.0.6/lib -L/home/rob/.local/share/mise/installs/ruby/4.0.6/lib -L. -fstack-protector-strong -rdynamic -Wl,-export-dynamic -L/home/rob/.local/share/mise/installs/ruby/4.0.6/lib/pkgconfig/../../lib -pthread     -lssl -lcrypto -ldl -Wl,-rpath,/home/rob/.local/share/mise/installs/ruby/4.0.6/lib -lruby-static -lrt -lrt -ldl -lcrypt -lm -lpthread   -lssl -lcrypto -ldl -lm -lpthread -lc"
checked program was:
/* begin */
 1: #include "ruby.h"
 2: 
 3: #include <openssl/ssl.h>
 4: 
 5: /*top*/
 6: extern int t(void);
 7: int main(int argc, char **argv)
 8: {
 9:   if (argc > 1000000) {
10:     int (* volatile tp)(void)=(int (*)(void))&t;
11:     printf("%d", (*tp)());
12:   }
13: 
14:   return !!argv[argc];
15: }
16: 
17: int t(void) { SSL_CTX_set_min_proto_version(NULL, 0); return 0; }
/* end */

--------------------

have_func: checking for SSL_CTX_set_dh_auto(NULL, 0) in openssl/ssl.h... -------------------- yes

LD_LIBRARY_PATH=.:/home/rob/.local/share/mise/installs/ruby/4.0.6/lib LSAN_OPTIONS=detect_leaks=0 "cc -o conftest -I/home/rob/.local/share/mise/installs/ruby/4.0.6/include/ruby-4.0.0/x86_64-linux -I/home/rob/.local/share/mise/installs/ruby/4.0.6/include/ruby-4.0.0/ruby/backward -I/home/rob/.local/share/mise/installs/ruby/4.0.6/include/ruby-4.0.0 -I. -I/home/rob/.local/share/mise/installs/ruby/4.0.6/lib/pkgconfig/../../include -include stdbool.h -I/home/rob/.local/share/mise/installs/ruby/4.0.6/include   -std=gnu99 -std=gnu99 -fstack-protector-strong -U_FORTIFY_SOURCE -D_FORTIFY_SOURCE=2 -O3 -fno-fast-math -ggdb3 -Wall -Wextra -Wdeprecated-declarations -Wdiv-by-zero -Wimplicit-function-declaration -Wimplicit-int -Wpointer-arith -Wwrite-strings -Wold-style-definition -Wmissing-noreturn -Wno-cast-function-type -Wno-constant-logical-operand -Wno-long-long -Wno-missing-field-initializers -Wno-overlength-strings -Wno-packed-bitfield-compat -Wno-parentheses-equality -Wno-self-assign -Wno-tautological-compare -Wno-unused-parameter -Wno-unused-value -Wsuggest-attribute=format -Wsuggest-attribute=noreturn -Wunused-variable -Wundef  conftest.c -L. -L/home/rob/.local/share/mise/installs/ruby/4.0.6/lib -Wl,-rpath,/home/rob/.local/share/mise/installs/ruby/4.0.6/lib -L/home/rob/.local/share/mise/installs/ruby/4.0.6/lib -L. -fstack-protector-strong -rdynamic -Wl,-export-dynamic -L/home/rob/.local/share/mise/installs/ruby/4.0.6/lib/pkgconfig/../../lib -pthread     -lssl -lcrypto -ldl -Wl,-rpath,/home/rob/.local/share/mise/installs/ruby/4.0.6/lib -lruby-static -lrt -lrt -ldl -lcrypt -lm -lpthread   -lssl -lcrypto -ldl -lm -lpthread -lc"
checked program was:
/* begin */
 1: #include "ruby.h"
 2: 
 3: #include <openssl/ssl.h>
 4: 
 5: /*top*/
 6: extern int t(void);
 7: int main(int argc, char **argv)
 8: {
 9:   if (argc > 1000000) {
10:     int (* volatile tp)(void)=(int (*)(void))&t;
11:     printf("%d", (*tp)());
12:   }
13: 
14:   return !!argv[argc];
15: }
16: 
17: int t(void) { SSL_CTX_set_dh_auto(NULL, 0); return 0; }
/* end */

--------------------

have_func: checking for SSL_CTX_set_ciphersuites(NULL, "") in openssl/ssl.h... -------------------- yes

LD_LIBRARY_PATH=.:/home/rob/.local/share/mise/installs/ruby/4.0.6/lib LSAN_OPTIONS=detect_leaks=0 "cc -o conftest -I/home/rob/.local/share/mise/installs/ruby/4.0.6/include/ruby-4.0.0/x86_64-linux -I/home/rob/.local/share/mise/installs/ruby/4.0.6/include/ruby-4.0.0/ruby/backward -I/home/rob/.local/share/mise/installs/ruby/4.0.6/include/ruby-4.0.0 -I. -I/home/rob/.local/share/mise/installs/ruby/4.0.6/lib/pkgconfig/../../include -include stdbool.h -I/home/rob/.local/share/mise/installs/ruby/4.0.6/include   -std=gnu99 -std=gnu99 -fstack-protector-strong -U_FORTIFY_SOURCE -D_FORTIFY_SOURCE=2 -O3 -fno-fast-math -ggdb3 -Wall -Wextra -Wdeprecated-declarations -Wdiv-by-zero -Wimplicit-function-declaration -Wimplicit-int -Wpointer-arith -Wwrite-strings -Wold-style-definition -Wmissing-noreturn -Wno-cast-function-type -Wno-constant-logical-operand -Wno-long-long -Wno-missing-field-initializers -Wno-overlength-strings -Wno-packed-bitfield-compat -Wno-parentheses-equality -Wno-self-assign -Wno-tautological-compare -Wno-unused-parameter -Wno-unused-value -Wsuggest-attribute=format -Wsuggest-attribute=noreturn -Wunused-variable -Wundef  conftest.c -L. -L/home/rob/.local/share/mise/installs/ruby/4.0.6/lib -Wl,-rpath,/home/rob/.local/share/mise/installs/ruby/4.0.6/lib -L/home/rob/.local/share/mise/installs/ruby/4.0.6/lib -L. -fstack-protector-strong -rdynamic -Wl,-export-dynamic -L/home/rob/.local/share/mise/installs/ruby/4.0.6/lib/pkgconfig/../../lib -pthread     -lssl -lcrypto -ldl -Wl,-rpath,/home/rob/.local/share/mise/installs/ruby/4.0.6/lib -lruby-static -lrt -lrt -ldl -lcrypt -lm -lpthread   -lssl -lcrypto -ldl -lm -lpthread -lc"
checked program was:
/* begin */
 1: #include "ruby.h"
 2: 
 3: #include <openssl/ssl.h>
 4: 
 5: /*top*/
 6: extern int t(void);
 7: int main(int argc, char **argv)
 8: {
 9:   if (argc > 1000000) {
10:     int (* volatile tp)(void)=(int (*)(void))&t;
11:     printf("%d", (*tp)());
12:   }
13: 
14:   return !!argv[argc];
15: }
16: 
17: int t(void) { char s1[1024] = ""; SSL_CTX_set_ciphersuites(NULL, s1); return 0; }
/* end */

--------------------

have_func: checking for SSL_get1_peer_certificate() in openssl/ssl.h... -------------------- yes

LD_LIBRARY_PATH=.:/home/rob/.local/share/mise/installs/ruby/4.0.6/lib LSAN_OPTIONS=detect_leaks=0 "cc -o conftest -I/home/rob/.local/share/mise/installs/ruby/4.0.6/include/ruby-4.0.0/x86_64-linux -I/home/rob/.local/share/mise/installs/ruby/4.0.6/include/ruby-4.0.0/ruby/backward -I/home/rob/.local/share/mise/installs/ruby/4.0.6/include/ruby-4.0.0 -I. -I/home/rob/.local/share/mise/installs/ruby/4.0.6/lib/pkgconfig/../../include -include stdbool.h -I/home/rob/.local/share/mise/installs/ruby/4.0.6/include   -std=gnu99 -std=gnu99 -fstack-protector-strong -U_FORTIFY_SOURCE -D_FORTIFY_SOURCE=2 -O3 -fno-fast-math -ggdb3 -Wall -Wextra -Wdeprecated-declarations -Wdiv-by-zero -Wimplicit-function-declaration -Wimplicit-int -Wpointer-arith -Wwrite-strings -Wold-style-definition -Wmissing-noreturn -Wno-cast-function-type -Wno-constant-logical-operand -Wno-long-long -Wno-missing-field-initializers -Wno-overlength-strings -Wno-packed-bitfield-compat -Wno-parentheses-equality -Wno-self-assign -Wno-tautological-compare -Wno-unused-parameter -Wno-unused-value -Wsuggest-attribute=format -Wsuggest-attribute=noreturn -Wunused-variable -Wundef  conftest.c -L. -L/home/rob/.local/share/mise/installs/ruby/4.0.6/lib -Wl,-rpath,/home/rob/.local/share/mise/installs/ruby/4.0.6/lib -L/home/rob/.local/share/mise/installs/ruby/4.0.6/lib -L. -fstack-protector-strong -rdynamic -Wl,-export-dynamic -L/home/rob/.local/share/mise/installs/ruby/4.0.6/lib/pkgconfig/../../lib -pthread     -lssl -lcrypto -ldl -Wl,-rpath,/home/rob/.local/share/mise/installs/ruby/4.0.6/lib -lruby-static -lrt -lrt -ldl -lcrypt -lm -lpthread   -lssl -lcrypto -ldl -lm -lpthread -lc"
checked program was:
/* begin */
 1: #include "ruby.h"
 2: 
 3: #include <openssl/ssl.h>
 4: 
 5: /*top*/
 6: extern int t(void);
 7: int main(int argc, char **argv)
 8: {
 9:   if (argc > 1000000) {
10:     int (* volatile tp)(void)=(int (*)(void))&t;
11:     printf("%d", (*tp)());
12:   }
13: 
14:   return !!argv[argc];
15: }
16: int t(void) { void ((*volatile p)()); p = (void ((*)()))SSL_get1_peer_certificate; return !p; }
/* end */

--------------------

