current directory: /home/rob/UserHackable/Phototherapy_Timer/server/vendor/bundle/ruby/4.0.0/gems/msgpack-1.8.3/ext/msgpack
/home/rob/.local/share/mise/installs/ruby/4.0.6/bin/ruby extconf.rb
checking for rb_enc_interned_str() in ruby.h... yes
checking for rb_hash_new_capa() in ruby.h... yes
checking for rb_proc_call_with_block() in ruby.h... yes
checking for rb_gc_mark_locations() in ruby.h... yes
checking for whether -fvisibility=hidden is accepted as CFLAGS... yes
checking for whether -I.. is accepted as CFLAGS... yes
checking for whether -Wall is accepted as CFLAGS... yes
checking for whether -std=gnu99 is accepted as CFLAGS... yes
checking for whether -DHASH_ASET_DEDUPE=1 is accepted as CFLAGS... yes
checking for whether -DSTR_UMINUS_DEDUPE_FROZEN=1 is accepted as CFLAGS... yes
creating Makefile

current directory: /home/rob/UserHackable/Phototherapy_Timer/server/vendor/bundle/ruby/4.0.0/gems/msgpack-1.8.3/ext/msgpack
make -j3 DESTDIR\= sitearchdir\=./.gem.20260810-1191910-cunld2 sitelibdir\=./.gem.20260810-1191910-cunld2 clean
make: warning: -j3 forced in submake: resetting jobserver mode.

current directory: /home/rob/UserHackable/Phototherapy_Timer/server/vendor/bundle/ruby/4.0.0/gems/msgpack-1.8.3/ext/msgpack
make -j3 DESTDIR\= sitearchdir\=./.gem.20260810-1191910-cunld2 sitelibdir\=./.gem.20260810-1191910-cunld2
make: warning: -j3 forced in submake: resetting jobserver mode.
compiling buffer.c
compiling buffer_class.c
compiling extension_value_class.c
buffer_class.c: In function ‘Buffer_read_all’:
buffer_class.c:438:13: warning: this statement may fall through [-Wimplicit-fallthrough=]
  438 |         out = argv[1];
      |         ~~~~^~~~~~~~~
buffer_class.c:440:5: note: here
  440 |     case 1:
      |     ^~~~
buffer_class.c: In function ‘Buffer_read’:
buffer_class.c:484:13: warning: this statement may fall through [-Wimplicit-fallthrough=]
  484 |         out = argv[1];
      |         ~~~~^~~~~~~~~
buffer_class.c:486:5: note: here
  486 |     case 1:
      |     ^~~~
compiling factory_class.c
compiling packer.c
compiling packer_class.c
At top level:
cc1: note: unrecognized command-line option ‘-Wno-self-assign’ may have been intended to silence earlier diagnostics
cc1: note: unrecognized command-line option ‘-Wno-parentheses-equality’ may have been intended to silence earlier diagnostics
cc1: note: unrecognized command-line option ‘-Wno-constant-logical-operand’ may have been intended to silence earlier diagnostics
compiling packer_ext_registry.c
compiling rbinit.c
compiling rmem.c
compiling unpacker.c
compiling unpacker_class.c
compiling unpacker_ext_registry.c
linking shared-object msgpack/msgpack.so

current directory: /home/rob/UserHackable/Phototherapy_Timer/server/vendor/bundle/ruby/4.0.0/gems/msgpack-1.8.3/ext/msgpack
make -j3 DESTDIR\= sitearchdir\=./.gem.20260810-1191910-cunld2 sitelibdir\=./.gem.20260810-1191910-cunld2 install
make: warning: -j3 forced in submake: resetting jobserver mode.
/usr/bin/install -c -m 0755 msgpack.so ./.gem.20260810-1191910-cunld2/msgpack

current directory: /home/rob/UserHackable/Phototherapy_Timer/server/vendor/bundle/ruby/4.0.0/gems/msgpack-1.8.3/ext/msgpack
make DESTDIR\= sitearchdir\=./.gem.20260810-1191910-cunld2 sitelibdir\=./.gem.20260810-1191910-cunld2 clean
