find_header: checking for prism.h in /home/rob/UserHackable/Phototherapy_Timer/server/vendor/bundle/ruby/4.0.0/gems/prism-1.9.0/include... -------------------- yes

LD_LIBRARY_PATH=.:/home/rob/.local/share/mise/installs/ruby/4.0.6/lib LSAN_OPTIONS=detect_leaks=0 "cc -o conftest -I/home/rob/.local/share/mise/installs/ruby/4.0.6/include/ruby-4.0.0/x86_64-linux -I/home/rob/.local/share/mise/installs/ruby/4.0.6/include/ruby-4.0.0/ruby/backward -I/home/rob/.local/share/mise/installs/ruby/4.0.6/include/ruby-4.0.0 -I. -include stdbool.h -I/home/rob/.local/share/mise/installs/ruby/4.0.6/include   -std=gnu99 -std=gnu99 -fstack-protector-strong -U_FORTIFY_SOURCE -D_FORTIFY_SOURCE=2 -O3 -fno-fast-math -ggdb3 -Wall -Wextra -Wdeprecated-declarations -Wdiv-by-zero -Wimplicit-function-declaration -Wimplicit-int -Wpointer-arith -Wwrite-strings -Wold-style-definition -Wmissing-noreturn -Wno-cast-function-type -Wno-constant-logical-operand -Wno-long-long -Wno-missing-field-initializers -Wno-overlength-strings -Wno-packed-bitfield-compat -Wno-parentheses-equality -Wno-self-assign -Wno-tautological-compare -Wno-unused-parameter -Wno-unused-value -Wsuggest-attribute=format -Wsuggest-attribute=noreturn -Wunused-variable -Wundef conftest.c -L. -L/home/rob/.local/share/mise/installs/ruby/4.0.6/lib -Wl,-rpath,/home/rob/.local/share/mise/installs/ruby/4.0.6/lib -L/home/rob/.local/share/mise/installs/ruby/4.0.6/lib -L. -fstack-protector-strong -rdynamic -Wl,-export-dynamic     -Wl,-rpath,/home/rob/.local/share/mise/installs/ruby/4.0.6/lib -lruby-static -lrt -lrt -ldl -lcrypt -lm -lpthread   -lm -lpthread -lc"
checked program was:
/* begin */
1: #include "ruby.h"
2: 
3: int main(int argc, char **argv)
4: {
5:   return !!argv[argc];
6: }
/* end */

LD_LIBRARY_PATH=.:/home/rob/.local/share/mise/installs/ruby/4.0.6/lib LSAN_OPTIONS=detect_leaks=0 "cc -I/home/rob/.local/share/mise/installs/ruby/4.0.6/include/ruby-4.0.0/x86_64-linux -I/home/rob/.local/share/mise/installs/ruby/4.0.6/include/ruby-4.0.0/ruby/backward -I/home/rob/.local/share/mise/installs/ruby/4.0.6/include/ruby-4.0.0 -I. -include stdbool.h -I/home/rob/.local/share/mise/installs/ruby/4.0.6/include   -std=gnu99 -std=gnu99 -fstack-protector-strong -U_FORTIFY_SOURCE -D_FORTIFY_SOURCE=2 -O3 -fno-fast-math -ggdb3 -Wall -Wextra -Wdeprecated-declarations -Wdiv-by-zero -Wimplicit-function-declaration -Wimplicit-int -Wpointer-arith -Wwrite-strings -Wold-style-definition -Wmissing-noreturn -Wno-cast-function-type -Wno-constant-logical-operand -Wno-long-long -Wno-missing-field-initializers -Wno-overlength-strings -Wno-packed-bitfield-compat -Wno-parentheses-equality -Wno-self-assign -Wno-tautological-compare -Wno-unused-parameter -Wno-unused-value -Wsuggest-attribute=format -Wsuggest-attribute=noreturn -Wunused-variable -Wundef   -c conftest.c"
conftest.c:3:10: fatal error: prism.h: No such file or directory
    3 | #include <prism.h>
      |          ^~~~~~~~~
compilation terminated.
checked program was:
/* begin */
1: #include "ruby.h"
2: 
3: #include <prism.h>
/* end */

LD_LIBRARY_PATH=.:/home/rob/.local/share/mise/installs/ruby/4.0.6/lib LSAN_OPTIONS=detect_leaks=0 "cc -I/home/rob/.local/share/mise/installs/ruby/4.0.6/include/ruby-4.0.0/x86_64-linux -I/home/rob/.local/share/mise/installs/ruby/4.0.6/include/ruby-4.0.0/ruby/backward -I/home/rob/.local/share/mise/installs/ruby/4.0.6/include/ruby-4.0.0 -I. -include stdbool.h -I/home/rob/.local/share/mise/installs/ruby/4.0.6/include   -std=gnu99 -std=gnu99 -fstack-protector-strong -U_FORTIFY_SOURCE -D_FORTIFY_SOURCE=2 -O3 -fno-fast-math -ggdb3 -Wall -Wextra -Wdeprecated-declarations -Wdiv-by-zero -Wimplicit-function-declaration -Wimplicit-int -Wpointer-arith -Wwrite-strings -Wold-style-definition -Wmissing-noreturn -Wno-cast-function-type -Wno-constant-logical-operand -Wno-long-long -Wno-missing-field-initializers -Wno-overlength-strings -Wno-packed-bitfield-compat -Wno-parentheses-equality -Wno-self-assign -Wno-tautological-compare -Wno-unused-parameter -Wno-unused-value -Wsuggest-attribute=format -Wsuggest-attribute=noreturn -Wunused-variable -Wundef  -I/home/rob/UserHackable/Phototherapy_Timer/server/vendor/bundle/ruby/4.0.0/gems/prism-1.9.0/include -c conftest.c"
checked program was:
/* begin */
1: #include "ruby.h"
2: 
3: #include <prism.h>
/* end */

--------------------

find_header: checking for prism/extension.h in /home/rob/UserHackable/Phototherapy_Timer/server/vendor/bundle/ruby/4.0.0/gems/prism-1.9.0/ext... -------------------- yes

LD_LIBRARY_PATH=.:/home/rob/.local/share/mise/installs/ruby/4.0.6/lib LSAN_OPTIONS=detect_leaks=0 "cc -I/home/rob/.local/share/mise/installs/ruby/4.0.6/include/ruby-4.0.0/x86_64-linux -I/home/rob/.local/share/mise/installs/ruby/4.0.6/include/ruby-4.0.0/ruby/backward -I/home/rob/.local/share/mise/installs/ruby/4.0.6/include/ruby-4.0.0 -I. -I/home/rob/UserHackable/Phototherapy_Timer/server/vendor/bundle/ruby/4.0.0/gems/prism-1.9.0/include -include stdbool.h -I/home/rob/.local/share/mise/installs/ruby/4.0.6/include   -std=gnu99 -std=gnu99 -fstack-protector-strong -U_FORTIFY_SOURCE -D_FORTIFY_SOURCE=2 -O3 -fno-fast-math -ggdb3 -Wall -Wextra -Wdeprecated-declarations -Wdiv-by-zero -Wimplicit-function-declaration -Wimplicit-int -Wpointer-arith -Wwrite-strings -Wold-style-definition -Wmissing-noreturn -Wno-cast-function-type -Wno-constant-logical-operand -Wno-long-long -Wno-missing-field-initializers -Wno-overlength-strings -Wno-packed-bitfield-compat -Wno-parentheses-equality -Wno-self-assign -Wno-tautological-compare -Wno-unused-parameter -Wno-unused-value -Wsuggest-attribute=format -Wsuggest-attribute=noreturn -Wunused-variable -Wundef   -c conftest.c"
conftest.c:3:10: fatal error: prism/extension.h: No such file or directory
    3 | #include <prism/extension.h>
      |          ^~~~~~~~~~~~~~~~~~~
compilation terminated.
checked program was:
/* begin */
1: #include "ruby.h"
2: 
3: #include <prism/extension.h>
/* end */

LD_LIBRARY_PATH=.:/home/rob/.local/share/mise/installs/ruby/4.0.6/lib LSAN_OPTIONS=detect_leaks=0 "cc -I/home/rob/.local/share/mise/installs/ruby/4.0.6/include/ruby-4.0.0/x86_64-linux -I/home/rob/.local/share/mise/installs/ruby/4.0.6/include/ruby-4.0.0/ruby/backward -I/home/rob/.local/share/mise/installs/ruby/4.0.6/include/ruby-4.0.0 -I. -I/home/rob/UserHackable/Phototherapy_Timer/server/vendor/bundle/ruby/4.0.0/gems/prism-1.9.0/include -include stdbool.h -I/home/rob/.local/share/mise/installs/ruby/4.0.6/include   -std=gnu99 -std=gnu99 -fstack-protector-strong -U_FORTIFY_SOURCE -D_FORTIFY_SOURCE=2 -O3 -fno-fast-math -ggdb3 -Wall -Wextra -Wdeprecated-declarations -Wdiv-by-zero -Wimplicit-function-declaration -Wimplicit-int -Wpointer-arith -Wwrite-strings -Wold-style-definition -Wmissing-noreturn -Wno-cast-function-type -Wno-constant-logical-operand -Wno-long-long -Wno-missing-field-initializers -Wno-overlength-strings -Wno-packed-bitfield-compat -Wno-parentheses-equality -Wno-self-assign -Wno-tautological-compare -Wno-unused-parameter -Wno-unused-value -Wsuggest-attribute=format -Wsuggest-attribute=noreturn -Wunused-variable -Wundef  -I/home/rob/UserHackable/Phototherapy_Timer/server/vendor/bundle/ruby/4.0.0/gems/prism-1.9.0/ext -c conftest.c"
checked program was:
/* begin */
1: #include "ruby.h"
2: 
3: #include <prism/extension.h>
/* end */

--------------------

append_cflags: checking for whether -fvisibility=hidden is accepted as CFLAGS... -------------------- yes

LD_LIBRARY_PATH=.:/home/rob/.local/share/mise/installs/ruby/4.0.6/lib LSAN_OPTIONS=detect_leaks=0 "cc -I/home/rob/.local/share/mise/installs/ruby/4.0.6/include/ruby-4.0.0/x86_64-linux -I/home/rob/.local/share/mise/installs/ruby/4.0.6/include/ruby-4.0.0/ruby/backward -I/home/rob/.local/share/mise/installs/ruby/4.0.6/include/ruby-4.0.0 -I. -I/home/rob/UserHackable/Phototherapy_Timer/server/vendor/bundle/ruby/4.0.0/gems/prism-1.9.0/include -I/home/rob/UserHackable/Phototherapy_Timer/server/vendor/bundle/ruby/4.0.0/gems/prism-1.9.0/ext -include stdbool.h -I/home/rob/.local/share/mise/installs/ruby/4.0.6/include   -std=gnu99 -std=gnu99 -fstack-protector-strong -U_FORTIFY_SOURCE -D_FORTIFY_SOURCE=2 -O3 -fno-fast-math -ggdb3 -Wall -Wextra -Wdeprecated-declarations -Wdiv-by-zero -Wimplicit-function-declaration -Wimplicit-int -Wpointer-arith -Wwrite-strings -Wold-style-definition -Wmissing-noreturn -Wno-cast-function-type -Wno-constant-logical-operand -Wno-long-long -Wno-missing-field-initializers -Wno-overlength-strings -Wno-packed-bitfield-compat -Wno-parentheses-equality -Wno-self-assign -Wno-tautological-compare -Wno-unused-parameter -Wno-unused-value -Wsuggest-attribute=format -Wsuggest-attribute=noreturn -Wunused-variable -Wundef  -fvisibility=hidden -Werror -c conftest.c"
checked program was:
/* begin */
1: #include "ruby.h"
2: 
3: int main(int argc, char **argv)
4: {
5:   return !!argv[argc];
6: }
/* end */

--------------------

