current directory: /home/rob/UserHackable/Phototherapy_Timer/server/vendor/bundle/ruby/4.0.0/gems/date-3.5.1/ext/date
/home/rob/.local/share/mise/installs/ruby/4.0.6/bin/ruby extconf.rb
checking for rb_category_warn()... yes
checking for timezone in time.h with -Werror... yes
checking for altzone in time.h with -Werror... no
creating Makefile

current directory: /home/rob/UserHackable/Phototherapy_Timer/server/vendor/bundle/ruby/4.0.0/gems/date-3.5.1/ext/date
make DESTDIR\= sitearchdir\=./.gem.20260810-1191910-hxircc sitelibdir\=./.gem.20260810-1191910-hxircc clean

current directory: /home/rob/UserHackable/Phototherapy_Timer/server/vendor/bundle/ruby/4.0.0/gems/date-3.5.1/ext/date
make DESTDIR\= sitearchdir\=./.gem.20260810-1191910-hxircc sitelibdir\=./.gem.20260810-1191910-hxircc
compiling date_core.c
compiling date_parse.c
compiling date_strftime.c
compiling date_strptime.c
date_strftime.c: In function ‘date_strftime_with_tmx’:
date_strftime.c:573:21: warning: this statement may fall through [-Wimplicit-fallthrough=]
  573 |             padding = '0';
      |             ~~~~~~~~^~~~~
date_strftime.c:574:11: note: here
  574 |           case '1':  case '2': case '3': case '4':
      |           ^~~~
date_core.c: In function ‘datetime_s_jisx0301’:
date_core.c:8678:13: warning: this statement may fall through [-Wimplicit-fallthrough=]
 8678 |         str = rb_str_new2(JULIAN_EPOCH_DATETIME);
date_core.c:8679:7: note: here
 8679 |       case 1:
      |       ^~~~
date_core.c: In function ‘datetime_s_httpdate’:
date_core.c:8634:13: warning: this statement may fall through [-Wimplicit-fallthrough=]
 8634 |         str = rb_str_new2(JULIAN_EPOCH_DATETIME_HTTPDATE);
date_core.c:8635:7: note: here
 8635 |       case 1:
      |       ^~~~
date_core.c: In function ‘datetime_s_rfc2822’:
date_core.c:8595:13: warning: this statement may fall through [-Wimplicit-fallthrough=]
 8595 |         str = rb_str_new2(JULIAN_EPOCH_DATETIME_RFC3339);
date_core.c:8596:7: note: here
 8596 |       case 1:
      |       ^~~~
date_core.c: In function ‘datetime_s_xmlschema’:
date_core.c:8555:13: warning: this statement may fall through [-Wimplicit-fallthrough=]
 8555 |         str = rb_str_new2(JULIAN_EPOCH_DATETIME);
date_core.c:8556:7: note: here
 8556 |       case 1:
      |       ^~~~
date_core.c: In function ‘datetime_s_rfc3339’:
date_core.c:8516:13: warning: this statement may fall through [-Wimplicit-fallthrough=]
 8516 |         str = rb_str_new2(JULIAN_EPOCH_DATETIME);
date_core.c:8517:7: note: here
 8517 |       case 1:
      |       ^~~~
date_core.c: In function ‘datetime_s_iso8601’:
date_core.c:8477:13: warning: this statement may fall through [-Wimplicit-fallthrough=]
 8477 |         str = rb_str_new2(JULIAN_EPOCH_DATETIME);
date_core.c:8478:7: note: here
 8478 |       case 1:
      |       ^~~~
date_core.c: In function ‘datetime_s_parse’:
date_core.c:8431:13: warning: this statement may fall through [-Wimplicit-fallthrough=]
 8431 |         str = rb_str_new2(JULIAN_EPOCH_DATETIME);
date_core.c:8432:7: note: here
 8432 |       case 1:
      |       ^~~~
date_core.c:8433:14: warning: this statement may fall through [-Wimplicit-fallthrough=]
 8433 |         comp = Qtrue;
date_core.c:8434:7: note: here
 8434 |       case 2:
      |       ^~~~
date_core.c: In function ‘datetime_s_strptime’:
date_core.c:8379:13: warning: this statement may fall through [-Wimplicit-fallthrough=]
 8379 |         str = rb_str_new2(JULIAN_EPOCH_DATETIME);
date_core.c:8380:7: note: here
 8380 |       case 1:
      |       ^~~~
date_core.c:8381:13: warning: this statement may fall through [-Wimplicit-fallthrough=]
 8381 |         fmt = rb_str_new2("%FT%T%z");
date_core.c:8382:7: note: here
 8382 |       case 2:
      |       ^~~~
date_core.c: In function ‘datetime_s_commercial’:
date_core.c:3323:8: warning: this statement may fall through [-Wimplicit-fallthrough=]
 3323 |     if (!c_valid_start_p(dsg)) {\
      |        ^
date_core.c:7934:9: note: in expansion of macro ‘val2sg’
 7934 |         val2sg(vsg, sg);
      |         ^~~~~~
date_core.c:7935:7: note: here
 7935 |       case 7:
      |       ^~~~
date_core.c:5072:8: warning: this statement may fall through [-Wimplicit-fallthrough=]
 5072 |     if (!offset_to_sec(vof, &iof)) {\
      |        ^
date_core.c:7936:9: note: in expansion of macro ‘val2off’
 7936 |         val2off(vof, rof);
      |         ^~~~~~~
date_core.c:7937:7: note: here
 7937 |       case 6:
      |       ^~~~
date_core.c:3299:8: warning: this statement may fall through [-Wimplicit-fallthrough=]
 3299 |     if (f_nonzero_p(fr)) {\
      |        ^
date_core.c:7939:9: note: in expansion of macro ‘num2int_with_frac’
 7939 |         num2int_with_frac(s, positive_inf);
      |         ^~~~~~~~~~~~~~~~~
date_core.c:7940:7: note: here
 7940 |       case 5:
      |       ^~~~
date_core.c:3299:8: warning: this statement may fall through [-Wimplicit-fallthrough=]
 3299 |     if (f_nonzero_p(fr)) {\
      |        ^
date_core.c:7942:9: note: in expansion of macro ‘num2int_with_frac’
 7942 |         num2int_with_frac(min, 5);
      |         ^~~~~~~~~~~~~~~~~
date_core.c:7943:7: note: here
 7943 |       case 4:
      |       ^~~~
date_core.c:3299:8: warning: this statement may fall through [-Wimplicit-fallthrough=]
 3299 |     if (f_nonzero_p(fr)) {\
      |        ^
date_core.c:7945:9: note: in expansion of macro ‘num2int_with_frac’
 7945 |         num2int_with_frac(h, 4);
      |         ^~~~~~~~~~~~~~~~~
date_core.c:7946:7: note: here
 7946 |       case 3:
      |       ^~~~
date_core.c:3299:8: warning: this statement may fall through [-Wimplicit-fallthrough=]
 3299 |     if (f_nonzero_p(fr)) {\
      |        ^
date_core.c:7948:9: note: in expansion of macro ‘num2int_with_frac’
 7948 |         num2int_with_frac(d, 3);
      |         ^~~~~~~~~~~~~~~~~
date_core.c:7949:7: note: here
 7949 |       case 2:
      |       ^~~~
In file included from /home/rob/.local/share/mise/installs/ruby/4.0.6/include/ruby-4.0.0/ruby/internal/arithmetic/char.h:23,
                 from /home/rob/.local/share/mise/installs/ruby/4.0.6/include/ruby-4.0.0/ruby/internal/arithmetic.h:24,
                 from /home/rob/.local/share/mise/installs/ruby/4.0.6/include/ruby-4.0.0/ruby/ruby.h:28,
                 from /home/rob/.local/share/mise/installs/ruby/4.0.6/include/ruby-4.0.0/ruby.h:38,
                 from date_core.c:5:
/home/rob/.local/share/mise/installs/ruby/4.0.6/include/ruby-4.0.0/ruby/internal/arithmetic/int.h:38:21: warning: this statement may fall through [-Wimplicit-fallthrough=]
   38 | #define RB_NUM2INT  rb_num2int_inline  /**< @alias{rb_num2int_inline} */
/home/rob/.local/share/mise/installs/ruby/4.0.6/include/ruby-4.0.0/ruby/internal/arithmetic/int.h:44:20: note: in expansion of macro ‘RB_NUM2INT’
   44 | #define NUM2INT    RB_NUM2INT          /**< @old{RB_NUM2INT} */
      |                    ^~~~~~~~~~
date_core.c:7951:13: note: in expansion of macro ‘NUM2INT’
 7951 |         w = NUM2INT(vw);
      |             ^~~~~~~
date_core.c:7952:7: note: here
 7952 |       case 1:
      |       ^~~~
date_core.c: In function ‘datetime_initialize’:
date_core.c:3323:8: warning: this statement may fall through [-Wimplicit-fallthrough=]
 3323 |     if (!c_valid_start_p(dsg)) {\
      |        ^
date_core.c:7830:9: note: in expansion of macro ‘val2sg’
 7830 |         val2sg(vsg, sg);
      |         ^~~~~~
date_core.c:7831:7: note: here
 7831 |       case 7:
      |       ^~~~
date_core.c:5072:8: warning: this statement may fall through [-Wimplicit-fallthrough=]
 5072 |     if (!offset_to_sec(vof, &iof)) {\
      |        ^
date_core.c:7832:9: note: in expansion of macro ‘val2off’
 7832 |         val2off(vof, rof);
      |         ^~~~~~~
date_core.c:7833:7: note: here
 7833 |       case 6:
      |       ^~~~
date_core.c:3299:8: warning: this statement may fall through [-Wimplicit-fallthrough=]
 3299 |     if (f_nonzero_p(fr)) {\
      |        ^
date_core.c:7835:9: note: in expansion of macro ‘num2int_with_frac’
 7835 |         num2int_with_frac(s, positive_inf);
      |         ^~~~~~~~~~~~~~~~~
date_core.c:7836:7: note: here
 7836 |       case 5:
      |       ^~~~
date_core.c:3299:8: warning: this statement may fall through [-Wimplicit-fallthrough=]
 3299 |     if (f_nonzero_p(fr)) {\
      |        ^
date_core.c:7838:9: note: in expansion of macro ‘num2int_with_frac’
 7838 |         num2int_with_frac(min, 5);
      |         ^~~~~~~~~~~~~~~~~
date_core.c:7839:7: note: here
 7839 |       case 4:
      |       ^~~~
date_core.c:3299:8: warning: this statement may fall through [-Wimplicit-fallthrough=]
 3299 |     if (f_nonzero_p(fr)) {\
      |        ^
date_core.c:7841:9: note: in expansion of macro ‘num2int_with_frac’
 7841 |         num2int_with_frac(h, 4);
      |         ^~~~~~~~~~~~~~~~~
date_core.c:7842:7: note: here
 7842 |       case 3:
      |       ^~~~
date_core.c:3299:8: warning: this statement may fall through [-Wimplicit-fallthrough=]
 3299 |     if (f_nonzero_p(fr)) {\
      |        ^
date_core.c:7844:9: note: in expansion of macro ‘num2int_with_frac’
 7844 |         num2int_with_frac(d, 3);
      |         ^~~~~~~~~~~~~~~~~
date_core.c:7845:7: note: here
 7845 |       case 2:
      |       ^~~~
/home/rob/.local/share/mise/installs/ruby/4.0.6/include/ruby-4.0.0/ruby/internal/arithmetic/int.h:38:21: warning: this statement may fall through [-Wimplicit-fallthrough=]
   38 | #define RB_NUM2INT  rb_num2int_inline  /**< @alias{rb_num2int_inline} */
/home/rob/.local/share/mise/installs/ruby/4.0.6/include/ruby-4.0.0/ruby/internal/arithmetic/int.h:44:20: note: in expansion of macro ‘RB_NUM2INT’
   44 | #define NUM2INT    RB_NUM2INT          /**< @old{RB_NUM2INT} */
      |                    ^~~~~~~~~~
date_core.c:7847:13: note: in expansion of macro ‘NUM2INT’
 7847 |         m = NUM2INT(vm);
      |             ^~~~~~~
date_core.c:7848:7: note: here
 7848 |       case 1:
      |       ^~~~
date_core.c: In function ‘datetime_s_ordinal’:
date_core.c:3323:8: warning: this statement may fall through [-Wimplicit-fallthrough=]
 3323 |     if (!c_valid_start_p(dsg)) {\
      |        ^
date_core.c:7747:9: note: in expansion of macro ‘val2sg’
 7747 |         val2sg(vsg, sg);
      |         ^~~~~~
date_core.c:7748:7: note: here
 7748 |       case 6:
      |       ^~~~
date_core.c:5072:8: warning: this statement may fall through [-Wimplicit-fallthrough=]
 5072 |     if (!offset_to_sec(vof, &iof)) {\
      |        ^
date_core.c:7749:9: note: in expansion of macro ‘val2off’
 7749 |         val2off(vof, rof);
      |         ^~~~~~~
date_core.c:7750:7: note: here
 7750 |       case 5:
      |       ^~~~
date_core.c:3299:8: warning: this statement may fall through [-Wimplicit-fallthrough=]
 3299 |     if (f_nonzero_p(fr)) {\
      |        ^
date_core.c:7752:9: note: in expansion of macro ‘num2int_with_frac’
 7752 |         num2int_with_frac(s, positive_inf);
      |         ^~~~~~~~~~~~~~~~~
date_core.c:7753:7: note: here
 7753 |       case 4:
      |       ^~~~
date_core.c:3299:8: warning: this statement may fall through [-Wimplicit-fallthrough=]
 3299 |     if (f_nonzero_p(fr)) {\
      |        ^
date_core.c:7755:9: note: in expansion of macro ‘num2int_with_frac’
 7755 |         num2int_with_frac(min, 4);
      |         ^~~~~~~~~~~~~~~~~
date_core.c:7756:7: note: here
 7756 |       case 3:
      |       ^~~~
date_core.c:3299:8: warning: this statement may fall through [-Wimplicit-fallthrough=]
 3299 |     if (f_nonzero_p(fr)) {\
      |        ^
date_core.c:7758:9: note: in expansion of macro ‘num2int_with_frac’
 7758 |         num2int_with_frac(h, 3);
      |         ^~~~~~~~~~~~~~~~~
date_core.c:7759:7: note: here
 7759 |       case 2:
      |       ^~~~
date_core.c:3299:8: warning: this statement may fall through [-Wimplicit-fallthrough=]
 3299 |     if (f_nonzero_p(fr)) {\
      |        ^
date_core.c:7761:9: note: in expansion of macro ‘num2int_with_frac’
 7761 |         num2int_with_frac(d, 2);
      |         ^~~~~~~~~~~~~~~~~
date_core.c:7762:7: note: here
 7762 |       case 1:
      |       ^~~~
date_core.c: In function ‘datetime_s_jd’:
date_core.c:3323:8: warning: this statement may fall through [-Wimplicit-fallthrough=]
 3323 |     if (!c_valid_start_p(dsg)) {\
      |        ^
date_core.c:7674:9: note: in expansion of macro ‘val2sg’
 7674 |         val2sg(vsg, sg);
      |         ^~~~~~
date_core.c:7675:7: note: here
 7675 |       case 5:
      |       ^~~~
date_core.c:5072:8: warning: this statement may fall through [-Wimplicit-fallthrough=]
 5072 |     if (!offset_to_sec(vof, &iof)) {\
      |        ^
date_core.c:7676:9: note: in expansion of macro ‘val2off’
 7676 |         val2off(vof, rof);
      |         ^~~~~~~
date_core.c:7677:7: note: here
 7677 |       case 4:
      |       ^~~~
date_core.c:3299:8: warning: this statement may fall through [-Wimplicit-fallthrough=]
 3299 |     if (f_nonzero_p(fr)) {\
      |        ^
date_core.c:7679:9: note: in expansion of macro ‘num2int_with_frac’
 7679 |         num2int_with_frac(s, positive_inf);
      |         ^~~~~~~~~~~~~~~~~
date_core.c:7680:7: note: here
 7680 |       case 3:
      |       ^~~~
date_core.c:3299:8: warning: this statement may fall through [-Wimplicit-fallthrough=]
 3299 |     if (f_nonzero_p(fr)) {\
      |        ^
date_core.c:7682:9: note: in expansion of macro ‘num2int_with_frac’
 7682 |         num2int_with_frac(min, 3);
      |         ^~~~~~~~~~~~~~~~~
date_core.c:7683:7: note: here
 7683 |       case 2:
      |       ^~~~
date_core.c:3299:8: warning: this statement may fall through [-Wimplicit-fallthrough=]
 3299 |     if (f_nonzero_p(fr)) {\
      |        ^
date_core.c:7685:9: note: in expansion of macro ‘num2int_with_frac’
 7685 |         num2int_with_frac(h, 2);
      |         ^~~~~~~~~~~~~~~~~
date_core.c:7686:7: note: here
 7686 |       case 1:
      |       ^~~~
date_core.c: In function ‘date_initialize’:
date_core.c:3323:8: warning: this statement may fall through [-Wimplicit-fallthrough=]
 3323 |     if (!c_valid_start_p(dsg)) {\
      |        ^
date_core.c:3521:9: note: in expansion of macro ‘val2sg’
 3521 |         val2sg(vsg, sg);
      |         ^~~~~~
date_core.c:3522:7: note: here
 3522 |       case 3:
      |       ^~~~
date_core.c:3299:8: warning: this statement may fall through [-Wimplicit-fallthrough=]
 3299 |     if (f_nonzero_p(fr)) {\
      |        ^
date_core.c:3524:9: note: in expansion of macro ‘num2int_with_frac’
 3524 |         num2int_with_frac(d, positive_inf);
      |         ^~~~~~~~~~~~~~~~~
date_core.c:3525:7: note: here
 3525 |       case 2:
      |       ^~~~
/home/rob/.local/share/mise/installs/ruby/4.0.6/include/ruby-4.0.0/ruby/internal/arithmetic/int.h:38:21: warning: this statement may fall through [-Wimplicit-fallthrough=]
   38 | #define RB_NUM2INT  rb_num2int_inline  /**< @alias{rb_num2int_inline} */
/home/rob/.local/share/mise/installs/ruby/4.0.6/include/ruby-4.0.0/ruby/internal/arithmetic/int.h:44:20: note: in expansion of macro ‘RB_NUM2INT’
   44 | #define NUM2INT    RB_NUM2INT          /**< @old{RB_NUM2INT} */
      |                    ^~~~~~~~~~
date_core.c:3527:13: note: in expansion of macro ‘NUM2INT’
 3527 |         m = NUM2INT(vm);
      |             ^~~~~~~
date_core.c:3528:7: note: here
 3528 |       case 1:
      |       ^~~~
date_core.c: In function ‘date_s_jisx0301’:
date_core.c:5003:13: warning: this statement may fall through [-Wimplicit-fallthrough=]
 5003 |         str = rb_str_new2(JULIAN_EPOCH_DATE);
date_core.c:5004:7: note: here
 5004 |       case 1:
      |       ^~~~
date_core.c: In function ‘date_s_httpdate’:
date_core.c:4931:13: warning: this statement may fall through [-Wimplicit-fallthrough=]
 4931 |         str = rb_str_new2(JULIAN_EPOCH_DATETIME_HTTPDATE);
date_core.c:4932:7: note: here
 4932 |       case 1:
      |       ^~~~
date_core.c: In function ‘date_s_rfc2822’:
date_core.c:4863:13: warning: this statement may fall through [-Wimplicit-fallthrough=]
 4863 |         str = rb_str_new2(JULIAN_EPOCH_DATETIME_RFC3339);
date_core.c:4864:7: note: here
 4864 |       case 1:
      |       ^~~~
date_core.c: In function ‘date_s_xmlschema’:
date_core.c:4793:13: warning: this statement may fall through [-Wimplicit-fallthrough=]
 4793 |         str = rb_str_new2(JULIAN_EPOCH_DATE);
date_core.c:4794:7: note: here
 4794 |       case 1:
      |       ^~~~
date_core.c: In function ‘date_s_rfc3339’:
date_core.c:4725:13: warning: this statement may fall through [-Wimplicit-fallthrough=]
 4725 |         str = rb_str_new2(JULIAN_EPOCH_DATETIME);
date_core.c:4726:7: note: here
 4726 |       case 1:
      |       ^~~~
date_core.c: In function ‘date_s_iso8601’:
date_core.c:4655:13: warning: this statement may fall through [-Wimplicit-fallthrough=]
 4655 |         str = rb_str_new2(JULIAN_EPOCH_DATE);
date_core.c:4656:7: note: here
 4656 |       case 1:
      |       ^~~~
date_core.c: In function ‘date_s_parse’:
date_core.c:4576:13: warning: this statement may fall through [-Wimplicit-fallthrough=]
 4576 |         str = rb_str_new2(JULIAN_EPOCH_DATE);
date_core.c:4577:7: note: here
 4577 |       case 1:
      |       ^~~~
date_core.c:4578:14: warning: this statement may fall through [-Wimplicit-fallthrough=]
 4578 |         comp = Qtrue;
date_core.c:4579:7: note: here
 4579 |       case 2:
      |       ^~~~
date_core.c: In function ‘date_s_strptime’:
date_core.c:4433:13: warning: this statement may fall through [-Wimplicit-fallthrough=]
 4433 |         str = rb_str_new2(JULIAN_EPOCH_DATE);
date_core.c:4434:7: note: here
 4434 |       case 1:
      |       ^~~~
date_core.c:4435:13: warning: this statement may fall through [-Wimplicit-fallthrough=]
 4435 |         fmt = rb_str_new2("%F");
date_core.c:4436:7: note: here
 4436 |       case 2:
      |       ^~~~
date_core.c: In function ‘date_s_commercial’:
date_core.c:3323:8: warning: this statement may fall through [-Wimplicit-fallthrough=]
 3323 |     if (!c_valid_start_p(dsg)) {\
      |        ^
date_core.c:3622:9: note: in expansion of macro ‘val2sg’
 3622 |         val2sg(vsg, sg);
      |         ^~~~~~
date_core.c:3623:7: note: here
 3623 |       case 3:
      |       ^~~~
date_core.c:3299:8: warning: this statement may fall through [-Wimplicit-fallthrough=]
 3299 |     if (f_nonzero_p(fr)) {\
      |        ^
date_core.c:3625:9: note: in expansion of macro ‘num2int_with_frac’
 3625 |         num2int_with_frac(d, positive_inf);
      |         ^~~~~~~~~~~~~~~~~
date_core.c:3626:7: note: here
 3626 |       case 2:
      |       ^~~~
/home/rob/.local/share/mise/installs/ruby/4.0.6/include/ruby-4.0.0/ruby/internal/arithmetic/int.h:38:21: warning: this statement may fall through [-Wimplicit-fallthrough=]
   38 | #define RB_NUM2INT  rb_num2int_inline  /**< @alias{rb_num2int_inline} */
/home/rob/.local/share/mise/installs/ruby/4.0.6/include/ruby-4.0.0/ruby/internal/arithmetic/int.h:44:20: note: in expansion of macro ‘RB_NUM2INT’
   44 | #define NUM2INT    RB_NUM2INT          /**< @old{RB_NUM2INT} */
      |                    ^~~~~~~~~~
date_core.c:3628:13: note: in expansion of macro ‘NUM2INT’
 3628 |         w = NUM2INT(vw);
      |             ^~~~~~~
date_core.c:3629:7: note: here
 3629 |       case 1:
      |       ^~~~
date_core.c: In function ‘date_s_ordinal’:
date_core.c:3323:8: warning: this statement may fall through [-Wimplicit-fallthrough=]
 3323 |     if (!c_valid_start_p(dsg)) {\
      |        ^
date_core.c:3438:9: note: in expansion of macro ‘val2sg’
 3438 |         val2sg(vsg, sg);
      |         ^~~~~~
date_core.c:3439:7: note: here
 3439 |       case 2:
      |       ^~~~
date_core.c:3299:8: warning: this statement may fall through [-Wimplicit-fallthrough=]
 3299 |     if (f_nonzero_p(fr)) {\
      |        ^
date_core.c:3441:9: note: in expansion of macro ‘num2int_with_frac’
 3441 |         num2int_with_frac(d, positive_inf);
      |         ^~~~~~~~~~~~~~~~~
date_core.c:3442:7: note: here
 3442 |       case 1:
      |       ^~~~
date_core.c: In function ‘date_s_jd’:
date_core.c:3323:8: warning: this statement may fall through [-Wimplicit-fallthrough=]
 3323 |     if (!c_valid_start_p(dsg)) {\
      |        ^
date_core.c:3371:9: note: in expansion of macro ‘val2sg’
 3371 |         val2sg(vsg, sg);
      |         ^~~~~~
date_core.c:3372:7: note: here
 3372 |       case 1:
      |       ^~~~
At top level:
cc1: note: unrecognized command-line option ‘-Wno-self-assign’ may have been intended to silence earlier diagnostics
cc1: note: unrecognized command-line option ‘-Wno-parentheses-equality’ may have been intended to silence earlier diagnostics
cc1: note: unrecognized command-line option ‘-Wno-constant-logical-operand’ may have been intended to silence earlier diagnostics
At top level:
cc1: note: unrecognized command-line option ‘-Wno-self-assign’ may have been intended to silence earlier diagnostics
cc1: note: unrecognized command-line option ‘-Wno-parentheses-equality’ may have been intended to silence earlier diagnostics
cc1: note: unrecognized command-line option ‘-Wno-constant-logical-operand’ may have been intended to silence earlier diagnostics
linking shared-object date_core.so

current directory: /home/rob/UserHackable/Phototherapy_Timer/server/vendor/bundle/ruby/4.0.0/gems/date-3.5.1/ext/date
make DESTDIR\= sitearchdir\=./.gem.20260810-1191910-hxircc sitelibdir\=./.gem.20260810-1191910-hxircc install
/usr/bin/install -c -m 0755 date_core.so ./.gem.20260810-1191910-hxircc

current directory: /home/rob/UserHackable/Phototherapy_Timer/server/vendor/bundle/ruby/4.0.0/gems/date-3.5.1/ext/date
make DESTDIR\= sitearchdir\=./.gem.20260810-1191910-hxircc sitelibdir\=./.gem.20260810-1191910-hxircc clean
